// Jest Snapshot v1, https://goo.gl/fbAQLP

exports[`Breweries Should match the snapshot 1`] = `
<div
  className="brewery-label"
>
  <div
    className="brewery-header"
  >
    <i
      className="far fa-star"
      id="star-filler"
      onClick={[Function]}
    />
    <h2
      className="brewery-name"
      onClick={[Function]}
    >
      The Lion Brewery
    </h2>
  </div>
  <div
    className="beer-dropdown hidden"
  >
    <Beer
      beerName="Send Help"
      beers={
        Array [
          Object {
            "FIELD1": 43,
            "abv": 0.045,
            "brewery_id": 60,
            "ibu": 18,
            "id": 2544,
            "name": "Send Help",
            "ounces": 12,
            "style": "American Blonde Ale",
          },
          Object {
            "FIELD1": 44,
            "abv": 0.055,
            "brewery_id": 60,
            "ibu": null,
            "id": 2324,
            "name": "Cast Iron Oatmeal Brown",
            "ounces": 12,
            "style": "American Brown Ale",
          },
          Object {
            "FIELD1": 45,
            "abv": 0.06,
            "brewery_id": 60,
            "ibu": null,
            "id": 2288,
            "name": "Reprise Centennial Red",
            "ounces": 12,
            "style": "American Amber / Red Ale",
          },
          Object {
            "FIELD1": 46,
            "abv": 0.055,
            "brewery_id": 60,
            "ibu": null,
            "id": 2287,
            "name": "Alter Ego",
            "ounces": 12,
            "style": "American Black Ale",
          },
        ]
      }
      key="43"
    />
    <Beer
      beerName="Cast Iron Oatmeal Brown"
      beers={
        Array [
          Object {
            "FIELD1": 43,
            "abv": 0.045,
            "brewery_id": 60,
            "ibu": 18,
            "id": 2544,
            "name": "Send Help",
            "ounces": 12,
            "style": "American Blonde Ale",
          },
          Object {
            "FIELD1": 44,
            "abv": 0.055,
            "brewery_id": 60,
            "ibu": null,
            "id": 2324,
            "name": "Cast Iron Oatmeal Brown",
            "ounces": 12,
            "style": "American Brown Ale",
          },
          Object {
            "FIELD1": 45,
            "abv": 0.06,
            "brewery_id": 60,
            "ibu": null,
            "id": 2288,
            "name": "Reprise Centennial Red",
            "ounces": 12,
            "style": "American Amber / Red Ale",
          },
          Object {
            "FIELD1": 46,
            "abv": 0.055,
            "brewery_id": 60,
            "ibu": null,
            "id": 2287,
            "name": "Alter Ego",
            "ounces": 12,
            "style": "American Black Ale",
          },
        ]
      }
      key="44"
    />
    <Beer
      beerName="Reprise Centennial Red"
      beers={
        Array [
          Object {
            "FIELD1": 43,
            "abv": 0.045,
            "brewery_id": 60,
            "ibu": 18,
            "id": 2544,
            "name": "Send Help",
            "ounces": 12,
            "style": "American Blonde Ale",
          },
          Object {
            "FIELD1": 44,
            "abv": 0.055,
            "brewery_id": 60,
            "ibu": null,
            "id": 2324,
            "name": "Cast Iron Oatmeal Brown",
            "ounces": 12,
            "style": "American Brown Ale",
          },
          Object {
            "FIELD1": 45,
            "abv": 0.06,
            "brewery_id": 60,
            "ibu": null,
            "id": 2288,
            "name": "Reprise Centennial Red",
            "ounces": 12,
            "style": "American Amber / Red Ale",
          },
          Object {
            "FIELD1": 46,
            "abv": 0.055,
            "brewery_id": 60,
            "ibu": null,
            "id": 2287,
            "name": "Alter Ego",
            "ounces": 12,
            "style": "American Black Ale",
          },
        ]
      }
      key="45"
    />
    <Beer
      beerName="Alter Ego"
      beers={
        Array [
          Object {
            "FIELD1": 43,
            "abv": 0.045,
            "brewery_id": 60,
            "ibu": 18,
            "id": 2544,
            "name": "Send Help",
            "ounces": 12,
            "style": "American Blonde Ale",
          },
          Object {
            "FIELD1": 44,
            "abv": 0.055,
            "brewery_id": 60,
            "ibu": null,
            "id": 2324,
            "name": "Cast Iron Oatmeal Brown",
            "ounces": 12,
            "style": "American Brown Ale",
          },
          Object {
            "FIELD1": 45,
            "abv": 0.06,
            "brewery_id": 60,
            "ibu": null,
            "id": 2288,
            "name": "Reprise Centennial Red",
            "ounces": 12,
            "style": "American Amber / Red Ale",
          },
          Object {
            "FIELD1": 46,
            "abv": 0.055,
            "brewery_id": 60,
            "ibu": null,
            "id": 2287,
            "name": "Alter Ego",
            "ounces": 12,
            "style": "American Black Ale",
          },
        ]
      }
      key="46"
    />
  </div>
</div>
`;
